flutter : Error: No pubspec.yaml file found.
At line:1 char:28
+ cd d:\smart-biz\rustdesk ; flutter build apk --release 2>&1 | 
tee bui ...
+                            ~~~~~~~~~~~~~~~~~~~~~~~~~~~~~~~~
    + CategoryInfo          : NotSpecified: (Error: No pubspec. 
   yaml file found.:String) [], RemoteException
    + FullyQualifiedErrorId : NativeCommandError
 
This command should be run from the root of your Flutter 
project.
